src/context/DataContext.tsx(208,5): error TS2322: Type '"gallery"' is not assignable to type '"hero" | "events" | "fica_mais" | "sobre" | "music" | "voce" | "shop" | "contact"'.
src/lib/supabase.ts(1,30): error TS2307: Cannot find module '@supabase/supabase-js' or its corresponding type declarations.
src/lib/supabase.ts(43,37): error TS2307: Cannot find module '@supabase/supabase-js' or its corresponding type declarations.
src/sections/EventsSection.tsx(1,32): error TS6133: 'Clock' is declared but its value is never read.
